mingw32-make: *** [Makefile:45: release] Error 2
